Connected to DB
node : ERROR during 
User.create: TypeError: 
next is not a function
At line:1 char:1
+ node test-user.js > 
test-output.txt 2>&1
+ ~~~~~~~~~~~~~~~~~~~~~~~~
~~~~~~~~~~~~~~~~
    + CategoryInfo        
      : NotSpecified: (E  
  RROR during Us... not   
  a function:String) [    
], RemoteException
    + FullyQualifiedError 
   Id : NativeCommandErr  
  or
 
    at model.<anonymous> (
C:\Users\Vamsi\OneDrive\De
sktop\onchat\backend\model
s\User.js:48:5)
    at async 
Kareem.execPre (C:\Users\V
amsi\OneDrive\Desktop\onch
at\backend\node_modules\ka
reem\index.js:70:24)
    at async 
model.$__save (C:\Users\Va
msi\OneDrive\Desktop\oncha
t\backend\node_modules\mon
goose\lib\model.js:397:5)
    at async model.save (C
:\Users\Vamsi\OneDrive\Des
ktop\onchat\backend\node_m
odules\mongoose\lib\model.
js:667:5)
    at async model.create 
(C:\Users\Vamsi\OneDrive\D
esktop\onchat\backend\node
_modules\mongoose\lib\mode
l.js:2754:5)
    at async test (C:\User
s\Vamsi\OneDrive\Desktop\o
nchat\backend\test-user.js
:11:18)
